Microchip MPLAB XC8 Compiler V2.05 ()

Linker command line:

-W-3 --edf=C:\Program Files (x86)\Microchip\xc8\v2.05\pic\dat\en_msgs.txt \
  -cs -h+dist/default/production\SQ_02.X.production.sym \
  --cmf=dist/default/production\SQ_02.X.production.cmf -z -Q16LF1559 \
  -oC:\Users\DUYNGO~1\AppData\Local\Temp\svg.2 --defsym=__MPLAB_BUILD=1 \
  -Mdist/default/production/SQ_02.X.production.map -E1 -ver=XC8 \
  --acfsm=1493 -ASTACK=020E0h-021EFh -pstack=STACK -ACODE=00h-07FFhx4 \
  -ASTRCODE=00h-01FFFh -ASTRING=00h-0FFhx32 -ACONST=00h-0FFhx32 \
  -AENTRY=00h-0FFhx32 -ACOMMON=070h-07Fh -ABANK0=020h-06Fh \
  -ABANK1=0A0h-0EFh -ABANK2=0120h-016Fh -ABANK3=01A0h-01EFh \
  -ABANK4=0220h-026Fh -ABANK5=02A0h-02EFh -ABANK6=0320h-032Fh \
  -ABIGRAM=02000h-021EFh \
  -ARAM=020h-06Fh,0A0h-0EFh,0120h-016Fh,01A0h-01EFh,0220h-026Fh,02A0h-02EFh,0320h-032Fh \
  -AABS1=020h-07Fh,0A0h-0EFh,0120h-016Fh,01A0h-01EFh,0220h-026Fh,02A0h-02EFh,0320h-032Fh \
  -ASFR0=00h-01Fh -ASFR1=080h-09Fh -ASFR2=0100h-011Fh -ASFR3=0180h-019Fh \
  -ASFR4=0200h-021Fh -ASFR5=0280h-029Fh -ASFR6=0300h-031Fh \
  -ASFR7=0380h-03EFh -ASFR8=0400h-046Fh -ASFR9=0480h-04EFh \
  -ASFR10=0500h-056Fh -ASFR11=0580h-05EFh -ASFR12=0600h-066Fh \
  -ASFR13=0680h-06EFh -ASFR14=0700h-076Fh -ASFR15=0780h-07EFh \
  -ASFR16=0800h-086Fh -ASFR17=0880h-08EFh -ASFR18=0900h-096Fh \
  -ASFR19=0980h-09EFh -ASFR20=0A00h-0A6Fh -ASFR21=0A80h-0AEFh \
  -ASFR22=0B00h-0B6Fh -ASFR23=0B80h-0BEFh -ASFR24=0C00h-0C6Fh \
  -ASFR25=0C80h-0CEFh -ASFR26=0D00h-0D6Fh -ASFR27=0D80h-0DEFh \
  -ASFR28=0E00h-0E6Fh -ASFR29=0E80h-0EEFh -ASFR30=0F00h-0F6Fh \
  -ASFR31=0F80h-0FEFh -preset_vec=00h,intentry=04h,init,end_init \
  -ppowerup=CODE -pcinit=CODE -pfunctab=ENTRY -ACONFIG=08007h-08008h \
  -pconfig=CONFIG -DCONFIG=2 -AIDLOC=08000h-08003h -pidloc=IDLOC -DIDLOC=2 \
  -DCODE=2 -DSTRCODE=2 -DSTRING=2 -DCONST=2 -DENTRY=2 -k \
  C:\Users\DUYNGO~1\AppData\Local\Temp\svg.o \
  dist/default/production\SQ_02.X.production.o 

Object code version is 3.11

Machine type is 16LF1559



                Name                               Link     Load   Length Selector   Space Scale
C:\Users\DUYNGO~1\AppData\Local\Temp\svg.o
                end_init                             23       23        2        8       0
                reset_vec                             0        0        2        0       0
                config                             8007     8007        2    1000E       0
dist/default/production\SQ_02.X.production.o
                cinit                                25       25       34        8       0
                intentry                              4        4       1F        8       0
                text100                            17A2     17A2       17     2F44       0
                text99                             15BA     15BA        3     2B74       0
                text98                             15B7     15B7        1     2B6E       0
                text97                             15CC     15CC        4     2B98       0
                text96                              B1F      B1F       32     163E       0
                text95                              8A4      8A4       1E     1148       0
                text93                             15D0     15D0        4     2BA0       0
                text92                             15D4     15D4        4     2BA8       0
                text91                             15D8     15D8        4     2BB0       0
                text90                             15DC     15DC        4     2BB8       0
                text89                              AEE      AEE       31     15DC       0
                text88                              9E8      9E8       29     13D0       0
                text87                              E16      E16       63     1C2C       0
                text86                              903      903       25     1206       0
                text85                             15BD     15BD        3     2B7A       0
                text84                             15EE     15EE        6     2BDC       0
                text83                             15F4     15F4        6     2BE8       0
                text82                              EEF      EEF       87     1DDE       0
                text81                             16E4     16E4       11     2DC8       0
                text80                             17B9     17B9       17     2F72       0
                text79                              C66      C66       4D     18CC       0
                text78                             168A     168A        E     2D14       0
                text77                              A91      A91       2E     1522       0
                text76                              704      704       8F        8       0
                text75                             16F5     16F5       11     2DEA       0
                text74                              BB8      BB8       36     1770       0
                text73                              818      818       1B     1030       0
                text72                             17E7     17E7       19     2FCE       0
                text71                             15B8     15B8        1     2B70       0
                text70                              8C2      8C2       1E     1184       0
                text69                              793      793       66        8       0
                text68                              DB4      DB4       62     1B68       0
                text67                              5CD      5CD       A4        8       0
                text66                             174D     174D       15     2E9A       0
                text65                             1698     1698        E     2D30       0
                text64                              D03      D03       55     1A06       0
                text63                             16B4     16B4       10     2D68       0
                text62                             16C4     16C4       10     2D88       0
                text61                              A65      A65       2C     14CA       0
                text60                             163F     163F        8     2C7E       0
                text59                             1670     1670        D     2CE0       0
                text58                             1658     1658        C     2CB0       0
                text57                             17D0     17D0       17     2FA0       0
                text56                              F76      F76       8A     1EEC       0
                text55                             167D     167D        D     2CFA       0
                text54                             16D4     16D4       10     2DA8       0
                text53                             164F     164F        9     2C9E       0
                text52                              47A      47A       AB        8       0
                text51                             15E4     15E4        5     2BC8       0
                text50                             15C0     15C0        3     2B80       0
                text49                             15C3     15C3        3     2B86       0
                text48                              2BC      2BC      1BE        8       0
                text47                              E79      E79       76     1CF2       0
                text46                             162A     162A        7     2C54       0
                text45                             1631     1631        7     2C62       0
                text44                              BEE      BEE       37     17DC       0
                text43                              D58      D58       5C     1AB0       0
                text42                             15B9     15B9        1     2B72       0
                text41                              928      928       26     1250       0
                text40                             1638     1638        7     2C70       0
                text39                              671      671       93        8       0
                text38                             1762     1762       15     2EC4       0
                text37                              7F9      7F9        7        8       0
                text36                             173A     173A       13     2E74       0
                text35                              99A      99A       27     1334       0
                text34                             178C     178C       16     2F18       0
                text33                             15C6     15C6        3     2B8C       0
                text32                                2        2        2        0       0
                text31                              833      833       1C     1066       0
                text30                             15FA     15FA        6     2BF4       0
                text29                             1600     1600        6     2C00       0
                text28                             1606     1606        6     2C0C       0
                text27                             160C     160C        6     2C18       0
                text26                             1612     1612        6     2C24       0
                text25                              C25      C25       41     184A       0
                text24                              A3A      A3A       2B     1474       0
                text23                              84F      84F       1C     109E       0
                text22                             1706     1706       11     2E0C       0
                text21                             1777     1777       15     2EEE       0
                text20                             16A6     16A6        E     2D4C       0
                text19                             1664     1664        C     2CC8       0
                text18                             1618     1618        6     2C30       0
                text17                              887      887       1D     110E       0
                text16                             1647     1647        8     2C8E       0
                text15                             15E0     15E0        4     2BC0       0
                text14                             1728     1728       12     2E50       0
                text13                              94E      94E       26     129C       0
                text12                              8E0      8E0       23     11C0       0
                text11                             15E9     15E9        5     2BD2       0
                text10                              B83      B83       35     1706       0
                text9                               974      974       26     12E8       0
                text8                               800      800       18     1000       0
                text7                               CB3      CB3       50     1966       0
                text6                               A11      A11       29     1422       0
                text5                               525      525       A8        8       0
                text4                               ABF      ABF       2F     157E       0
                text3                              1717     1717       11     2E2E       0
                text2                               9C1      9C1       27     1382       0
                text1                               B51      B51       32     16A2       0
                maintext                             59       59      263        8       0
                cstackBANK0                          20       20       33       20       1
                cstackCOMMON                         70       70        C       70       1
                cstackBANK1                          EB       EB        2       A0       1
                clrtext                            161E     161E        6     2C3C       0
                inittext                           1624     1624        6     2C48       0
                bssBANK2                            120      120       40      120       1
                dataBANK1                            C4       C4       1C       A0       1
                bssBANK1                             A0       A0       24       A0       1
                dataBANK0                            6C       6C        3       20       1
                bssBANK0                             53       53       19       20       1
                bssCOMMON                            7C       7C        1       70       1
                stringtext10                       1828     1828        3     3000       0
                stringtext9                        1823     1823        5     3000       0
                stringtext8                        181E     181E        5     3000       0
                stringtext7                        1819     1819        5     3000       0
                stringtext6                        1814     1814        5     3000       0
                stringtext5                        1809     1809        6     3000       0
                stringtext4                        1800     1800        9     3000       0
                nvBANK1                              E0       E0        B       A0       1
                stringtext3                        1000     1000       20     2000       0
                stringtext2                        182B     182B        2     3000       0
                stringtext1                        180F     180F        5     3000       0
                idataBANK1                          86B      86B       1C     10D6       0
                idataBANK0                         15C9     15C9        3     2B92       0

TOTAL           Name                               Link     Load   Length     Space
        CLASS   STACK          

        CLASS   CODE           
                end_init                             23       23        2         0
                cinit                                25       25       34         0
                intentry                              4        4       1F         0
                reset_vec                             0        0        2         0
                text100                            17A2     17A2       17         0
                text99                             15BA     15BA        3         0
                text98                             15B7     15B7        1         0
                text97                             15CC     15CC        4         0
                text96                              B1F      B1F       32         0
                text95                              8A4      8A4       1E         0
                text93                             15D0     15D0        4         0
                text92                             15D4     15D4        4         0
                text91                             15D8     15D8        4         0
                text90                             15DC     15DC        4         0
                text89                              AEE      AEE       31         0
                text88                              9E8      9E8       29         0
                text87                              E16      E16       63         0
                text86                              903      903       25         0
                text85                             15BD     15BD        3         0
                text84                             15EE     15EE        6         0
                text83                             15F4     15F4        6         0
                text82                              EEF      EEF       87         0
                text81                             16E4     16E4       11         0
                text80                             17B9     17B9       17         0
                text79                              C66      C66       4D         0
                text78                             168A     168A        E         0
                text77                              A91      A91       2E         0
                text76                              704      704       8F         0
                text75                             16F5     16F5       11         0
                text74                              BB8      BB8       36         0
                text73                              818      818       1B         0
                text72                             17E7     17E7       19         0
                text71                             15B8     15B8        1         0
                text70                              8C2      8C2       1E         0
                text69                              793      793       66         0
                text68                              DB4      DB4       62         0
                text67                              5CD      5CD       A4         0
                text66                             174D     174D       15         0
                text65                             1698     1698        E         0
                text64                              D03      D03       55         0
                text63                             16B4     16B4       10         0
                text62                             16C4     16C4       10         0
                text61                              A65      A65       2C         0
                text60                             163F     163F        8         0
                text59                             1670     1670        D         0
                text58                             1658     1658        C         0
                text57                             17D0     17D0       17         0
                text56                              F76      F76       8A         0
                text55                             167D     167D        D         0
                text54                             16D4     16D4       10         0
                text53                             164F     164F        9         0
                text52                              47A      47A       AB         0
                text51                             15E4     15E4        5         0
                text50                             15C0     15C0        3         0
                text49                             15C3     15C3        3         0
                text48                              2BC      2BC      1BE         0
                text47                              E79      E79       76         0
                text46                             162A     162A        7         0
                text45                             1631     1631        7         0
                text44                              BEE      BEE       37         0
                text43                              D58      D58       5C         0
                text42                             15B9     15B9        1         0
                text41                              928      928       26         0
                text40                             1638     1638        7         0
                text39                              671      671       93         0
                text38                             1762     1762       15         0
                text37                              7F9      7F9        7         0
                text36                             173A     173A       13         0
                text35                              99A      99A       27         0
                text34                             178C     178C       16         0
                text33                             15C6     15C6        3         0
                text32                                2        2        2         0
                text31                              833      833       1C         0
                text30                             15FA     15FA        6         0
                text29                             1600     1600        6         0
                text28                             1606     1606        6         0
                text27                             160C     160C        6         0
                text26                             1612     1612        6         0
                text25                              C25      C25       41         0
                text24                              A3A      A3A       2B         0
                text23                              84F      84F       1C         0
                text22                             1706     1706       11         0
                text21                             1777     1777       15         0
                text20                             16A6     16A6        E         0
                text19                             1664     1664        C         0
                text18                             1618     1618        6         0
                text17                              887      887       1D         0
                text16                             1647     1647        8         0
                text15                             15E0     15E0        4         0
                text14                             1728     1728       12         0
                text13                              94E      94E       26         0
                text12                              8E0      8E0       23         0
                text11                             15E9     15E9        5         0
                text10                              B83      B83       35         0
                text9                               974      974       26         0
                text8                               800      800       18         0
                text7                               CB3      CB3       50         0
                text6                               A11      A11       29         0
                text5                               525      525       A8         0
                text4                               ABF      ABF       2F         0
                text3                              1717     1717       11         0
                text2                               9C1      9C1       27         0
                text1                               B51      B51       32         0
                maintext                             59       59      263         0
                clrtext                            161E     161E        6         0
                inittext                           1624     1624        6         0
                idataBANK1                          86B      86B       1C         0
                idataBANK0                         15C9     15C9        3         0

        CLASS   STRCODE        
                stringtext10                       1828     1828        3         0
                stringtext9                        1823     1823        5         0
                stringtext8                        181E     181E        5         0
                stringtext7                        1819     1819        5         0
                stringtext6                        1814     1814        5         0
                stringtext5                        1809     1809        6         0
                stringtext4                        1800     1800        9         0
                stringtext3                        1000     1000       20         0
                stringtext2                        182B     182B        2         0
                stringtext1                        180F     180F        5         0

        CLASS   STRING         

        CLASS   CONST          

        CLASS   ENTRY          

        CLASS   COMMON         
                cstackCOMMON                         70       70        C         1
                bssCOMMON                            7C       7C        1         1

        CLASS   BANK0          
                cstackBANK0                          20       20       33         1
                dataBANK0                            6C       6C        3         1
                bssBANK0                             53       53       19         1

        CLASS   BANK1          
                cstackBANK1                          EB       EB        2         1
                dataBANK1                            C4       C4       1C         1
                bssBANK1                             A0       A0       24         1
                nvBANK1                              E0       E0        B         1

        CLASS   BANK2          
                bssBANK2                            120      120       40         1

        CLASS   BANK3          

        CLASS   BANK4          

        CLASS   BANK5          

        CLASS   BANK6          

        CLASS   BIGRAM         

        CLASS   RAM            

        CLASS   ABS1           
                abs_s1                               7E       7E        2         1

        CLASS   SFR0           

        CLASS   SFR1           

        CLASS   SFR2           

        CLASS   SFR3           

        CLASS   SFR4           

        CLASS   SFR5           

        CLASS   SFR6           

        CLASS   SFR7           

        CLASS   SFR8           

        CLASS   SFR9           

        CLASS   SFR10          

        CLASS   SFR11          

        CLASS   SFR12          

        CLASS   SFR13          

        CLASS   SFR14          

        CLASS   SFR15          

        CLASS   SFR16          

        CLASS   SFR17          

        CLASS   SFR18          

        CLASS   SFR19          

        CLASS   SFR20          

        CLASS   SFR21          

        CLASS   SFR22          

        CLASS   SFR23          

        CLASS   SFR24          

        CLASS   SFR25          

        CLASS   SFR26          

        CLASS   SFR27          

        CLASS   SFR28          

        CLASS   SFR29          

        CLASS   SFR30          

        CLASS   SFR31          

        CLASS   CONFIG         
                config                             8007     8007        2         0

        CLASS   IDLOC          

        CLASS   BANK31         

        CLASS   BANK30         

        CLASS   BANK29         

        CLASS   BANK28         

        CLASS   BANK27         

        CLASS   BANK26         

        CLASS   BANK25         

        CLASS   BANK24         

        CLASS   BANK23         

        CLASS   BANK22         

        CLASS   BANK21         

        CLASS   BANK20         

        CLASS   BANK19         

        CLASS   BANK18         

        CLASS   BANK17         

        CLASS   BANK16         

        CLASS   BANK15         

        CLASS   BANK14         

        CLASS   BANK13         

        CLASS   BANK12         

        CLASS   BANK11         

        CLASS   BANK10         

        CLASS   BANK9          

        CLASS   BANK8          

        CLASS   BANK7          

        CLASS   EEDATA         



SEGMENTS        Name                           Load    Length   Top    Selector   Space  Class     Delta

                reset_vec                      000000  000004  000004         0       0  CODE        2
                intentry                       000004  0007FC  000800         8       0  CODE        2
                cstackBANK0                    000020  00004F  00006F        20       1  BANK0       1
                cstackCOMMON                   000070  00000D  00007D        70       1  COMMON      1
                bssBANK1                       0000A0  00004D  0000ED        A0       1  BANK1       1
                bssBANK2                       000120  000040  000160       120       1  BANK2       1
                text8                          000800  000018  000818      1000       0  CODE        2
                text73                         000818  00001B  000833      1030       0  CODE        2
                text31                         000833  00001C  00084F      1066       0  CODE        2
                text23                         00084F  00001C  00086B      109E       0  CODE        2
                idataBANK1                     00086B  00001C  000887      10D6       0  CODE        2
                text17                         000887  00001D  0008A4      110E       0  CODE        2
                text95                         0008A4  00001E  0008C2      1148       0  CODE        2
                text70                         0008C2  00001E  0008E0      1184       0  CODE        2
                text12                         0008E0  000023  000903      11C0       0  CODE        2
                text86                         000903  000025  000928      1206       0  CODE        2
                text41                         000928  000026  00094E      1250       0  CODE        2
                text13                         00094E  000026  000974      129C       0  CODE        2
                text9                          000974  000026  00099A      12E8       0  CODE        2
                text35                         00099A  000027  0009C1      1334       0  CODE        2
                text2                          0009C1  000027  0009E8      1382       0  CODE        2
                text88                         0009E8  000029  000A11      13D0       0  CODE        2
                text6                          000A11  000029  000A3A      1422       0  CODE        2
                text24                         000A3A  00002B  000A65      1474       0  CODE        2
                text61                         000A65  00002C  000A91      14CA       0  CODE        2
                text77                         000A91  00002E  000ABF      1522       0  CODE        2
                text4                          000ABF  00002F  000AEE      157E       0  CODE        2
                text89                         000AEE  000031  000B1F      15DC       0  CODE        2
                text96                         000B1F  000032  000B51      163E       0  CODE        2
                text1                          000B51  000032  000B83      16A2       0  CODE        2
                text10                         000B83  000035  000BB8      1706       0  CODE        2
                text74                         000BB8  000036  000BEE      1770       0  CODE        2
                text44                         000BEE  000037  000C25      17DC       0  CODE        2
                text25                         000C25  000041  000C66      184A       0  CODE        2
                text79                         000C66  00004D  000CB3      18CC       0  CODE        2
                text7                          000CB3  000050  000D03      1966       0  CODE        2
                text64                         000D03  000055  000D58      1A06       0  CODE        2
                text43                         000D58  00005C  000DB4      1AB0       0  CODE        2
                text68                         000DB4  000062  000E16      1B68       0  CODE        2
                text87                         000E16  000063  000E79      1C2C       0  CODE        2
                text47                         000E79  000076  000EEF      1CF2       0  CODE        2
                text82                         000EEF  000087  000F76      1DDE       0  CODE        2
                text56                         000F76  00008A  001000      1EEC       0  CODE        2
                stringtext3                    001000  000020  001020      2000       0  STRCODE     2
                text98                         0015B7  000001  0015B8      2B6E       0  CODE        2
                text71                         0015B8  000001  0015B9      2B70       0  CODE        2
                text42                         0015B9  000001  0015BA      2B72       0  CODE        2
                text99                         0015BA  000003  0015BD      2B74       0  CODE        2
                text85                         0015BD  000003  0015C0      2B7A       0  CODE        2
                text50                         0015C0  000003  0015C3      2B80       0  CODE        2
                text49                         0015C3  000003  0015C6      2B86       0  CODE        2
                text33                         0015C6  000003  0015C9      2B8C       0  CODE        2
                idataBANK0                     0015C9  000003  0015CC      2B92       0  CODE        2
                text97                         0015CC  000004  0015D0      2B98       0  CODE        2
                text93                         0015D0  000004  0015D4      2BA0       0  CODE        2
                text92                         0015D4  000004  0015D8      2BA8       0  CODE        2
                text91                         0015D8  000004  0015DC      2BB0       0  CODE        2
                text90                         0015DC  000004  0015E0      2BB8       0  CODE        2
                text15                         0015E0  000004  0015E4      2BC0       0  CODE        2
                text51                         0015E4  000005  0015E9      2BC8       0  CODE        2
                text11                         0015E9  000005  0015EE      2BD2       0  CODE        2
                text84                         0015EE  000006  0015F4      2BDC       0  CODE        2
                text83                         0015F4  000006  0015FA      2BE8       0  CODE        2
                text30                         0015FA  000006  001600      2BF4       0  CODE        2
                text29                         001600  000006  001606      2C00       0  CODE        2
                text28                         001606  000006  00160C      2C0C       0  CODE        2
                text27                         00160C  000006  001612      2C18       0  CODE        2
                text26                         001612  000006  001618      2C24       0  CODE        2
                text18                         001618  000006  00161E      2C30       0  CODE        2
                clrtext                        00161E  000006  001624      2C3C       0  CODE        2
                inittext                       001624  000006  00162A      2C48       0  CODE        2
                text46                         00162A  000007  001631      2C54       0  CODE        2
                text45                         001631  000007  001638      2C62       0  CODE        2
                text40                         001638  000007  00163F      2C70       0  CODE        2
                text60                         00163F  000008  001647      2C7E       0  CODE        2
                text16                         001647  000008  00164F      2C8E       0  CODE        2
                text53                         00164F  000009  001658      2C9E       0  CODE        2
                text58                         001658  00000C  001664      2CB0       0  CODE        2
                text19                         001664  00000C  001670      2CC8       0  CODE        2
                text59                         001670  00000D  00167D      2CE0       0  CODE        2
                text55                         00167D  00000D  00168A      2CFA       0  CODE        2
                text78                         00168A  00000E  001698      2D14       0  CODE        2
                text65                         001698  00000E  0016A6      2D30       0  CODE        2
                text20                         0016A6  00000E  0016B4      2D4C       0  CODE        2
                text63                         0016B4  000010  0016C4      2D68       0  CODE        2
                text62                         0016C4  000010  0016D4      2D88       0  CODE        2
                text54                         0016D4  000010  0016E4      2DA8       0  CODE        2
                text81                         0016E4  000011  0016F5      2DC8       0  CODE        2
                text75                         0016F5  000011  001706      2DEA       0  CODE        2
                text22                         001706  000011  001717      2E0C       0  CODE        2
                text3                          001717  000011  001728      2E2E       0  CODE        2
                text14                         001728  000012  00173A      2E50       0  CODE        2
                text36                         00173A  000013  00174D      2E74       0  CODE        2
                text66                         00174D  000015  001762      2E9A       0  CODE        2
                text38                         001762  000015  001777      2EC4       0  CODE        2
                text21                         001777  000015  00178C      2EEE       0  CODE        2
                text34                         00178C  000016  0017A2      2F18       0  CODE        2
                text100                        0017A2  000017  0017B9      2F44       0  CODE        2
                text80                         0017B9  000017  0017D0      2F72       0  CODE        2
                text57                         0017D0  000017  0017E7      2FA0       0  CODE        2
                text72                         0017E7  000019  001800      2FCE       0  CODE        2
                stringtext4                    001800  00002D  00182D      3000       0  STRCODE     2
                config                         008007  000002  008009     1000E       0  CONFIG      2


UNUSED ADDRESS RANGES

        Name                Unused          Largest block    Delta
        BANK0            0006F-0006F               1           1
        BANK1            000ED-000EF               3           1
        BANK2            00160-0016F              10           1
        BANK3            001A0-001EF              50           1
        BANK4            00220-0026F              50           1
        BANK5            002A0-002EF              50           1
        BANK6            00320-0032F              10           1
        BIGRAM           02000-021EF             1F0           1
        CODE             01020-015B6             597           2
                         0182D-01FFF             7D3
        COMMON           0007D-0007D               1           1
        CONST            01020-015B6             100           2
                         0182D-01FFF             100
        ENTRY            01020-015B6             100           2
                         0182D-01FFF             100
        IDLOC            08000-08003               4           2
        RAM              0006F-0006F               1           1
                         000ED-000EF               3
                         00160-0016F              10
                         001A0-001EF              50
                         00220-0026F              50
                         002A0-002EF              50
                         00320-0032F              10
        SFR0             00000-0001F              20           1
        SFR1             00080-0009F              20           1
        SFR10            00500-0056F              70           1
        SFR11            00580-005EF              70           1
        SFR12            00600-0066F              70           1
        SFR13            00680-006EF              70           1
        SFR14            00700-0076F              70           1
        SFR15            00780-007EF              70           1
        SFR16            00800-0086F              70           1
        SFR17            00880-008EF              70           1
        SFR18            00900-0096F              70           1
        SFR19            00980-009EF              70           1
        SFR2             00100-0011F              20           1
        SFR20            00A00-00A6F              70           1
        SFR21            00A80-00AEF              70           1
        SFR22            00B00-00B6F              70           1
        SFR23            00B80-00BEF              70           1
        SFR24            00C00-00C6F              70           1
        SFR25            00C80-00CEF              70           1
        SFR26            00D00-00D6F              70           1
        SFR27            00D80-00DEF              70           1
        SFR28            00E00-00E6F              70           1
        SFR29            00E80-00EEF              70           1
        SFR3             00180-0019F              20           1
        SFR30            00F00-00F6F              70           1
        SFR31            00F80-00FEF              70           1
        SFR4             00200-0021F              20           1
        SFR5             00280-0029F              20           1
        SFR6             00300-0031F              20           1
        SFR7             00380-003EF              70           1
        SFR8             00400-0046F              70           1
        SFR9             00480-004EF              70           1
        STACK            020E0-021EF             110           1
        STRCODE          01020-015B6             597           2
                         0182D-01FFF             7D3
        STRING           01020-015B6             100           2
                         0182D-01FFF             100

                                  Symbol Table

?_MTOUCH_Sensor_RawSample_Get                         cstackCOMMON 00075
?_abs                                                 cstackCOMMON 00071
?_ctoa                                                cstackBANK0  00031
?_pad                                                 cstackBANK0  00028
?_printf                                              cstackBANK0  00048
?_strlen                                              cstackCOMMON 00071
?_vfpfcnvrt                                           cstackBANK0  00037
?_vfprintf                                            cstackBANK0  00040
Button_Baseline_Initialize@button                     cstackCOMMON 00079
Button_Baseline_Update@button                         cstackCOMMON 00077
Button_Deviation_Update@button                        cstackBANK0  00020
Button_Deviation_Update@deviation                     cstackBANK0  00021
Button_Reading_Update@button                          cstackBANK0  00020
Button_Reading_Update_Helper@button                   cstackCOMMON 0007B
Button_Service@button                                 cstackBANK0  0002C
Button_Service@name                                   cstackBANK0  0002B
Button_State_Initializing@button                      cstackBANK0  00024
Button_State_NotPressed@button                        cstackBANK0  00024
Button_State_Pressed@button                           cstackBANK0  00024
Button_Tick_helper@button                             cstackCOMMON 00073
DATA_PROCESS@x                                        cstackCOMMON 00076
EUSART_Read@readValue                                 cstackCOMMON 00072
EUSART_SetErrorHandler@interruptHandler               cstackCOMMON 00071
EUSART_SetFramingErrorHandler@interruptHandler        cstackCOMMON 00071
EUSART_SetOverrunErrorHandler@interruptHandler        cstackCOMMON 00071
EUSART_SetRxInterruptHandler@interruptHandler         cstackCOMMON 00071
EUSART_SetTxInterruptHandler@interruptHandler         cstackCOMMON 00071
EUSART_Write@txData                                   cstackCOMMON 00072
LED_PROCESS@x                                         cstackCOMMON 00073
MTOUCH_Button_Initialize@button                       cstackCOMMON 0007A
MTOUCH_Button_Initialize@name                         cstackCOMMON 00079
MTOUCH_Button_InitializeAll@button                    cstackBANK0  00020
MTOUCH_Button_ServiceAll@button                       cstackBANK0  0002E
MTOUCH_Button_SetNotPressedCallback@callback          cstackCOMMON 00071
MTOUCH_Button_SetPressedCallback@callback             cstackCOMMON 00071
MTOUCH_Button_Tick@i                                  cstackCOMMON 00075
MTOUCH_Button_isPressed@name                          cstackCOMMON 00072
MTOUCH_Sensor_Calibrate@sensor                        cstackCOMMON 00076
MTOUCH_Sensor_Enable@sensor                           cstackCOMMON 00076
MTOUCH_Sensor_Initialize@sensor                       cstackCOMMON 00078
MTOUCH_Sensor_InitializeAll@sensor                    cstackCOMMON 0007A
MTOUCH_Sensor_RawSample_Get@name                      cstackCOMMON 00078
MTOUCH_Sensor_SampleAll@group                         cstackBANK0  00047
MTOUCH_Sensor_Sampled_ResetAll@sensor                 cstackCOMMON 00073
MTOUCH_Sensor_isCalibrated@sensor                     cstackCOMMON 00076
MTOUCH_Sensor_wasSampled@sensor                       cstackCOMMON 00076
RELAY_PROCESS@x                                       cstackCOMMON 00073
Sensor_Acq_ExecutePacket@AD1CON2_temp                 cstackBANK0  00022
Sensor_Acq_ExecutePacket@AD2CON2_temp                 cstackBANK0  00023
Sensor_Acq_ExecutePacket@ADCOMCON_temp                cstackBANK0  00021
Sensor_Acq_ExecutePacket@ADxIF_flag                   cstackBANK0  00026
Sensor_Acq_ExecutePacket@activeSensor                 cstackBANK0  00027
Sensor_Acq_ExecutePacket@last_a                       cstackBANK0  00028
Sensor_Acq_ExecutePacket@last_b                       cstackBANK0  0002A
Sensor_Acq_ExecutePacket@packet_counter               cstackBANK0  0002C
Sensor_Acq_ExecutePacket@sensor1ForceEnabled          cstackBANK0  00024
Sensor_Acq_ExecutePacket@sensor2ForceEnabled          cstackBANK0  00025
Sensor_Acq_ExecutePacket@sensor_adc1                  cstackBANK0  0002D
Sensor_Acq_ExecutePacket@sensor_adc2                  cstackCOMMON 0007B
Sensor_Acquisition@retry                              cstackBANK0  0003D
Sensor_Acquisition@sensor_adc1                        cstackBANK0  0003E
Sensor_Acquisition@sensor_adc2                        cstackBANK0  0003B
Sensor_DefaultCallback@sensor                         cstackCOMMON 00071
Sensor_RawSample_Update@adcIndex                      cstackCOMMON 00076
Sensor_RawSample_Update@sensor                        cstackCOMMON 00077
Sensor_Sampled_Reset@sensor                           cstackCOMMON 00071
Sensor_Scanfrequency_Evaluation@best_packet_sample    cstackBANK0  00036
Sensor_Scanfrequency_Evaluation@best_sample_period    cstackBANK0  00034
Sensor_Scanfrequency_Evaluation@frequency_hop         stringtext1  0180F
Sensor_Scanfrequency_Evaluation@i                     cstackBANK0  0003A
Sensor_Scanfrequency_Evaluation@packet_noise_Max      cstackBANK0  00032
Sensor_Scanfrequency_Evaluation@retry                 cstackBANK0  00035
Sensor_Scanfrequency_Evaluation@sensor_adc1           cstackBANK0  00031
Sensor_Scanfrequency_Evaluation@sensor_adc2           cstackBANK0  0002E
Sensor_Service@error                                  cstackBANK0  00043
Sensor_Service@scanGroup                              cstackBANK0  00042
Sensor_Service@sensor_adc1                            cstackBANK0  00044
Sensor_Service@sensor_adc2                            cstackBANK0  00045
Sensor_autoCalibration@adcIndex                       cstackCOMMON 00079
Sensor_autoCalibration@sensor                         cstackCOMMON 0007A
Sensor_getScanGroupIndex@sensor                       cstackCOMMON 00073
Sensor_getScanGroupIndex@sensorGroup                  cstackCOMMON 00074
Sensor_isActive@sensor                                cstackCOMMON 00071
Sensor_isCalibrated@sensor                            cstackCOMMON 00071
Sensor_isCalibratingAcqTime@sensor                    cstackCOMMON 00071
Sensor_isEnabled@sensor                               cstackCOMMON 00072
Sensor_loadADCSettings@adc_index                      cstackCOMMON 00072
Sensor_loadADCSettings@addressOffset                  cstackCOMMON 00078
Sensor_loadADCSettings@sensor                         cstackCOMMON 00079
Sensor_postAcquisitionProcess@adcIndex                cstackCOMMON 00078
Sensor_postAcquisitionProcess@deviation               cstackCOMMON 00076
Sensor_postAcquisitionProcess@sensor                  cstackCOMMON 00079
Sensor_setActive@sensor                               cstackCOMMON 00071
Sensor_setCalibratAcqTime@sensor                      cstackCOMMON 00071
Sensor_setCalibrated@sensor                           cstackCOMMON 00071
Sensor_setInactive@sensor                             cstackCOMMON 00071
Sensor_setSampled@sensor                              cstackCOMMON 00071
TMR2_LoadPeriodRegister@periodVal                     cstackCOMMON 00071
_AAD1CAP                                              (abs)        00719
_AAD1CON2                                             (abs)        00713
_AAD1CON3                                             (abs)        00714
_AAD1GRD                                              (abs)        00718
_AAD1RES0                                             (abs)        0071A
_AAD2CON3                                             (abs)        00794
_AAD2GRD                                              (abs)        00798
_AAD2RES0                                             (abs)        0079A
_AD1ACQCON                                            (abs)        00717
_AD1CON0                                              (abs)        00711
_AD1CON0bits                                          (abs)        00711
_AD1CON2                                              (abs)        00713
_AD1CON3                                              (abs)        00714
_AD1PRECON                                            (abs)        00716
_AD2ACQCON                                            (abs)        00797
_AD2CON0                                              (abs)        00791
_AD2CON0bits                                          (abs)        00791
_AD2CON2                                              (abs)        00793
_AD2CON3                                              (abs)        00794
_AD2PRECON                                            (abs)        00796
_ADCOMCON                                             (abs)        00712
_ANSELA                                               (abs)        0018C
_ANSELB                                               (abs)        0018D
_ANSELC                                               (abs)        0018E
_APFCON                                               (abs)        0011D
_APFCONbits                                           (abs)        0011D
_BAUDCON                                              (abs)        0019F
_BORCON                                               (abs)        00116
_Button_Baseline_Initialize                           text77       00A91
_Button_Baseline_Update                               text76       00704
_Button_DefaultCallback                               text71       015B8
_Button_Deviation_Update                              text82       00EEF
_Button_Reading_Update                                text78       0168A
_Button_Reading_Update_Helper                         text79       00C66
_Button_Service                                       text64       00D03
_Button_StateMachine                                  dataBANK1    000C4
_Button_State_Initializing                            text68       00DB4
_Button_State_NotPressed                              text67       005CD
_Button_State_Pressed                                 text69       00793
_Button_Tick_helper                                   text35       0099A
_DATA_PROCESS                                         text87       00E16
_EUSART_DefaultErrorHandler                           text99       015BA
_EUSART_DefaultFramingErrorHandler                    text98       015B7
_EUSART_DefaultOverrunErrorHandler                    text97       015CC
_EUSART_ErrorHandler                                  nvBANK1      000E0
_EUSART_FramingErrorHandler                           nvBANK1      000E4
_EUSART_Initialize                                    text25       00C25
_EUSART_OverrunErrorHandler                           nvBANK1      000E2
_EUSART_Read                                          text86       00903
_EUSART_Receive_ISR                                   text96       00B1F
_EUSART_RxDataHandler                                 text100      017A2
_EUSART_RxDefaultInterruptHandler                     nvBANK1      000E6
_EUSART_SetErrorHandler                               text30       015FA
_EUSART_SetFramingErrorHandler                        text29       01600
_EUSART_SetOverrunErrorHandler                        text28       01606
_EUSART_SetRxInterruptHandler                         text27       0160C
_EUSART_SetTxInterruptHandler                         text26       01612
_EUSART_Transmit_ISR                                  text95       008A4
_EUSART_TxDefaultInterruptHandler                     nvBANK1      000E8
_EUSART_Write                                         text12       008E0
_EUSART_is_rx_ready                                   text85       015BD
_GIE                                                  (abs)        0005F
_INTCONbits                                           (abs)        0000B
_INTERRUPT_InterruptManager                           intentry     00004
_LATA                                                 (abs)        0010C
_LATAbits                                             (abs)        0010C
_LATB                                                 (abs)        0010D
_LATC                                                 (abs)        0010E
_LATCbits                                             (abs)        0010E
_LED_0_SetHigh                                        text93       015D0
_LED_0_SetLow                                         text92       015D4
_LED_1_SetHigh                                        text91       015D8
_LED_1_SetLow                                         text90       015DC
_LED_PROCESS                                          text89       00AEE
_MTOUCH_Button_Initialize                             text74       00BB8
_MTOUCH_Button_InitializeAll                          text23       0084F
_MTOUCH_Button_ServiceAll                             text63       016B4
_MTOUCH_Button_SetNotPressedCallback                  text84       015EE
_MTOUCH_Button_SetPressedCallback                     text83       015F4
_MTOUCH_Button_Tick                                   text34       0178C
_MTOUCH_Button_isPressed                              text73       00818
_MTOUCH_Initialize                                    text19       01664
_MTOUCH_Sensor_Calibrate                              text75       016F5
_MTOUCH_Sensor_Enable                                 text22       01706
_MTOUCH_Sensor_Initialize                             text21       01777
_MTOUCH_Sensor_InitializeAll                          text20       016A6
_MTOUCH_Sensor_RawSample_Get                          text80       017B9
_MTOUCH_Sensor_SampleAll                              text38       01762
_MTOUCH_Sensor_Sampled_ResetAll                       text36       0173A
_MTOUCH_Sensor_Scan_Initialize                        text62       016C4
_MTOUCH_Sensor_isCalibrated                           text66       0174D
_MTOUCH_Sensor_wasSampled                             text65       01698
_MTOUCH_Service_Mainloop                              text31       00833
_MTOUCH_Tick                                          text33       015C6
_MTOUCH_needReburst                                   text32       00002
_OPTION_REGbits                                       (abs)        00095
_OSCCON                                               (abs)        00099
_OSCILLATOR_Initialize                                text18       01618
_PIE1bits                                             (abs)        00091
_PIN_MANAGER_Initialize                               text17       00887
_PIR1bits                                             (abs)        00011
_PIR2bits                                             (abs)        00012
_PR2                                                  (abs)        0001B
_RCREG                                                (abs)        00199
_RCSTA                                                (abs)        0019D
_RCSTAbits                                            (abs)        0019D
_RELAY_PROCESS                                        text88       009E8
_SPBRGH                                               (abs)        0019C
_SPBRGL                                               (abs)        0019B
_SYSTEM_Initialize                                    text14       01728
_Sensor_Acq_ExecutePacket                             text48       002BC
_Sensor_Acquisition                                   text43       00D58
_Sensor_DefaultCallback                               text42       015B9
_Sensor_RawSample_Update                              text41       00928
_Sensor_Sampled_Reset                                 text37       007F9
_Sensor_Scanfrequency_Evaluation                      text47       00E79
_Sensor_Service                                       text39       00671
_Sensor_autoCalibration                               text56       00F76
_Sensor_getScanGroupIndex                             text61       00A65
_Sensor_isActive                                      text55       0167D
_Sensor_isCalibrated                                  text53       0164F
_Sensor_isCalibratingAcqTime                          text60       0163F
_Sensor_isEnabled                                     text54       016D4
_Sensor_loadADCSettings                               text52       0047A
_Sensor_loadADCSettings$560                           cstackCOMMON 00076
_Sensor_postAcquisitionProcess                        text44       00BEE
_Sensor_setActive                                     text46       0162A
_Sensor_setCalibratAcqTime                            text59       01670
_Sensor_setCalibrated                                 text58       01658
_Sensor_setInactive                                   text45       01631
_Sensor_setSampled                                    text40       01638
_T2CON                                                (abs)        0001C
_T2CONbits                                            (abs)        0001C
_TMR2                                                 (abs)        0001A
_TMR2_Initialize                                      text16       01647
_TMR2_LoadPeriodRegister                              text51       015E4
_TMR2_StartTimer                                      text50       015C0
_TMR2_StopTimer                                       text49       015C3
_TRISA                                                (abs)        0008C
_TRISB                                                (abs)        0008D
_TRISC                                                (abs)        0008E
_TXREG                                                (abs)        0019A
_TXSTA                                                (abs)        0019E
_TXSTAbits                                            (abs)        0019E
_WDTCON                                               (abs)        00097
_WDT_Initialize                                       text15       015E0
_WPUA                                                 (abs)        0020C
_WPUB                                                 (abs)        0020D
__CFG_BOREN$NSLEEP                                    (abs)        00000
__CFG_BORV$LO                                         (abs)        00000
__CFG_CLKOUTEN$OFF                                    (abs)        00000
__CFG_CP$OFF                                          (abs)        00000
__CFG_FOSC$INTOSC                                     (abs)        00000
__CFG_LPBOR$ON                                        (abs)        00000
__CFG_LVP$ON                                          (abs)        00000
__CFG_MCLRE$ON                                        (abs)        00000
__CFG_PWRTE$OFF                                       (abs)        00000
__CFG_STVREN$ON                                       (abs)        00000
__CFG_WDTE$OFF                                        (abs)        00000
__CFG_WRT$OFF                                         (abs)        00000
__Habs1                                               abs1         00000
__Hbank0                                              bank0        00000
__Hbank1                                              bank1        00000
__Hbank10                                             bank10       00000
__Hbank11                                             bank11       00000
__Hbank12                                             bank12       00000
__Hbank13                                             bank13       00000
__Hbank14                                             bank14       00000
__Hbank15                                             bank15       00000
__Hbank16                                             bank16       00000
__Hbank17                                             bank17       00000
__Hbank18                                             bank18       00000
__Hbank19                                             bank19       00000
__Hbank2                                              bank2        00000
__Hbank20                                             bank20       00000
__Hbank21                                             bank21       00000
__Hbank22                                             bank22       00000
__Hbank23                                             bank23       00000
__Hbank24                                             bank24       00000
__Hbank25                                             bank25       00000
__Hbank26                                             bank26       00000
__Hbank27                                             bank27       00000
__Hbank28                                             bank28       00000
__Hbank29                                             bank29       00000
__Hbank3                                              bank3        00000
__Hbank30                                             bank30       00000
__Hbank31                                             bank31       00000
__Hbank4                                              bank4        00000
__Hbank5                                              bank5        00000
__Hbank6                                              bank6        00000
__Hbank7                                              bank7        00000
__Hbank8                                              bank8        00000
__Hbank9                                              bank9        00000
__Hbigram                                             bigram       00000
__HbssBANK0                                           bssBANK0     00000
__HbssBANK1                                           bssBANK1     00000
__HbssBANK2                                           bssBANK2     00000
__HbssCOMMON                                          bssCOMMON    00000
__Hcinit                                              cinit        00059
__Hclrtext                                            clrtext      00000
__Hcode                                               code         00000
__Hcommon                                             common       00000
__Hconfig                                             config       08009
__HcstackBANK0                                        cstackBANK0  00000
__HcstackBANK1                                        cstackBANK1  00000
__HcstackCOMMON                                       cstackCOMMON 00000
__HdataBANK0                                          dataBANK0    00000
__HdataBANK1                                          dataBANK1    00000
__Heeprom_data                                        eeprom_data  00000
__Hend_init                                           end_init     00025
__Hfunctab                                            functab      00000
__HidataBANK0                                         idataBANK0   00000
__HidataBANK1                                         idataBANK1   00000
__Hidloc                                              idloc        00000
__Hinit                                               init         00023
__Hinittext                                           inittext     00000
__Hintentry                                           intentry     00023
__Hmaintext                                           maintext     00000
__HnvBANK1                                            nvBANK1      00000
__Hpowerup                                            powerup      00000
__Hram                                                ram          00000
__Hreset_vec                                          reset_vec    00002
__Hsfr0                                               sfr0         00000
__Hsfr1                                               sfr1         00000
__Hsfr10                                              sfr10        00000
__Hsfr11                                              sfr11        00000
__Hsfr12                                              sfr12        00000
__Hsfr13                                              sfr13        00000
__Hsfr14                                              sfr14        00000
__Hsfr15                                              sfr15        00000
__Hsfr16                                              sfr16        00000
__Hsfr17                                              sfr17        00000
__Hsfr18                                              sfr18        00000
__Hsfr19                                              sfr19        00000
__Hsfr2                                               sfr2         00000
__Hsfr20                                              sfr20        00000
__Hsfr21                                              sfr21        00000
__Hsfr22                                              sfr22        00000
__Hsfr23                                              sfr23        00000
__Hsfr24                                              sfr24        00000
__Hsfr25                                              sfr25        00000
__Hsfr26                                              sfr26        00000
__Hsfr27                                              sfr27        00000
__Hsfr28                                              sfr28        00000
__Hsfr29                                              sfr29        00000
__Hsfr3                                               sfr3         00000
__Hsfr30                                              sfr30        00000
__Hsfr31                                              sfr31        00000
__Hsfr4                                               sfr4         00000
__Hsfr5                                               sfr5         00000
__Hsfr6                                               sfr6         00000
__Hsfr7                                               sfr7         00000
__Hsfr8                                               sfr8         00000
__Hsfr9                                               sfr9         00000
__Hspace_0                                            (abs)        08009
__Hspace_1                                            (abs)        00160
__Hspace_2                                            (abs)        00000
__Hspace_3                                            (abs)        00000
__Hstack                                              stack        00000
__Hstrings                                            strings      00000
__Hstringtext1                                        stringtext1  00000
__Hstringtext10                                       stringtext10 00000
__Hstringtext11                                       stringtext11 00000
__Hstringtext2                                        stringtext2  00000
__Hstringtext3                                        stringtext3  00000
__Hstringtext4                                        stringtext4  00000
__Hstringtext5                                        stringtext5  00000
__Hstringtext6                                        stringtext6  00000
__Hstringtext7                                        stringtext7  00000
__Hstringtext8                                        stringtext8  00000
__Hstringtext9                                        stringtext9  00000
__Htext                                               text         00000
__Labs1                                               abs1         00000
__Lbank0                                              bank0        00000
__Lbank1                                              bank1        00000
__Lbank10                                             bank10       00000
__Lbank11                                             bank11       00000
__Lbank12                                             bank12       00000
__Lbank13                                             bank13       00000
__Lbank14                                             bank14       00000
__Lbank15                                             bank15       00000
__Lbank16                                             bank16       00000
__Lbank17                                             bank17       00000
__Lbank18                                             bank18       00000
__Lbank19                                             bank19       00000
__Lbank2                                              bank2        00000
__Lbank20                                             bank20       00000
__Lbank21                                             bank21       00000
__Lbank22                                             bank22       00000
__Lbank23                                             bank23       00000
__Lbank24                                             bank24       00000
__Lbank25                                             bank25       00000
__Lbank26                                             bank26       00000
__Lbank27                                             bank27       00000
__Lbank28                                             bank28       00000
__Lbank29                                             bank29       00000
__Lbank3                                              bank3        00000
__Lbank30                                             bank30       00000
__Lbank31                                             bank31       00000
__Lbank4                                              bank4        00000
__Lbank5                                              bank5        00000
__Lbank6                                              bank6        00000
__Lbank7                                              bank7        00000
__Lbank8                                              bank8        00000
__Lbank9                                              bank9        00000
__Lbigram                                             bigram       00000
__LbssBANK0                                           bssBANK0     00000
__LbssBANK1                                           bssBANK1     00000
__LbssBANK2                                           bssBANK2     00000
__LbssCOMMON                                          bssCOMMON    00000
__Lcinit                                              cinit        00025
__Lclrtext                                            clrtext      00000
__Lcode                                               code         00000
__Lcommon                                             common       00000
__Lconfig                                             config       08007
__LcstackBANK0                                        cstackBANK0  00000
__LcstackBANK1                                        cstackBANK1  00000
__LcstackCOMMON                                       cstackCOMMON 00000
__LdataBANK0                                          dataBANK0    00000
__LdataBANK1                                          dataBANK1    00000
__Leeprom_data                                        eeprom_data  00000
__Lend_init                                           end_init     00023
__Lfunctab                                            functab      00000
__LidataBANK0                                         idataBANK0   00000
__LidataBANK1                                         idataBANK1   00000
__Lidloc                                              idloc        00000
__Linit                                               init         00023
__Linittext                                           inittext     00000
__Lintentry                                           intentry     00004
__Lmaintext                                           maintext     00000
__LnvBANK1                                            nvBANK1      00000
__Lpowerup                                            powerup      00000
__Lram                                                ram          00000
__Lreset_vec                                          reset_vec    00000
__Lsfr0                                               sfr0         00000
__Lsfr1                                               sfr1         00000
__Lsfr10                                              sfr10        00000
__Lsfr11                                              sfr11        00000
__Lsfr12                                              sfr12        00000
__Lsfr13                                              sfr13        00000
__Lsfr14                                              sfr14        00000
__Lsfr15                                              sfr15        00000
__Lsfr16                                              sfr16        00000
__Lsfr17                                              sfr17        00000
__Lsfr18                                              sfr18        00000
__Lsfr19                                              sfr19        00000
__Lsfr2                                               sfr2         00000
__Lsfr20                                              sfr20        00000
__Lsfr21                                              sfr21        00000
__Lsfr22                                              sfr22        00000
__Lsfr23                                              sfr23        00000
__Lsfr24                                              sfr24        00000
__Lsfr25                                              sfr25        00000
__Lsfr26                                              sfr26        00000
__Lsfr27                                              sfr27        00000
__Lsfr28                                              sfr28        00000
__Lsfr29                                              sfr29        00000
__Lsfr3                                               sfr3         00000
__Lsfr30                                              sfr30        00000
__Lsfr31                                              sfr31        00000
__Lsfr4                                               sfr4         00000
__Lsfr5                                               sfr5         00000
__Lsfr6                                               sfr6         00000
__Lsfr7                                               sfr7         00000
__Lsfr8                                               sfr8         00000
__Lsfr9                                               sfr9         00000
__Lspace_0                                            (abs)        00000
__Lspace_1                                            (abs)        00000
__Lspace_2                                            (abs)        00000
__Lspace_3                                            (abs)        00000
__Lstack                                              stack        00000
__Lstrings                                            strings      00000
__Lstringtext1                                        stringtext1  00000
__Lstringtext10                                       stringtext10 00000
__Lstringtext11                                       stringtext11 00000
__Lstringtext2                                        stringtext2  00000
__Lstringtext3                                        stringtext3  00000
__Lstringtext4                                        stringtext4  00000
__Lstringtext5                                        stringtext5  00000
__Lstringtext6                                        stringtext6  00000
__Lstringtext7                                        stringtext7  00000
__Lstringtext8                                        stringtext8  00000
__Lstringtext9                                        stringtext9  00000
__Ltext                                               text         00000
__S0                                                  (abs)        08009
__S1                                                  (abs)        00160
__S2                                                  (abs)        00000
___bmul                                               text81       016E4
___bmul@multiplicand                                  cstackCOMMON 00071
___bmul@multiplier                                    cstackCOMMON 00074
___bmul@product                                       cstackCOMMON 00073
___int_sp                                             stack        00000
___latbits                                            (abs)        00002
___sp                                                 stack        00000
___stackhi                                            (abs)        021EF
___stacklo                                            (abs)        020E0
__end_ofSensor_Scanfrequency_Evaluation@frequency_hop stringtext1  01814
__end_of_Button_Baseline_Initialize                   text77       00ABF
__end_of_Button_Baseline_Update                       text76       00793
__end_of_Button_DefaultCallback                       text71       015B9
__end_of_Button_Deviation_Update                      text82       00F76
__end_of_Button_Reading_Update                        text78       01698
__end_of_Button_Reading_Update_Helper                 text79       00CB3
__end_of_Button_Service                               text64       00D58
__end_of_Button_State_Initializing                    text68       00E16
[...]
		None
 Auto vars:     Size  Location     Type
		None
 Return value:  Size  Location     Type
                  1    wreg      void 
 Registers used:
		None
 Tracked objects:
		On entry : 
		On exit  : 
		Unchanged: 
 Data sizes:     COMMON   BANK0   BANK1   BANK2   BANK3   BANK4   BANK5   BANK6
      Params:         0       0       0       0       0       0       0       0
      Locals:         0       0       0       0       0       0       0       0
      Temps:          0       0       0       0       0       0       0       0
      Totals:         0       0       0       0       0       0       0       0
Total ram usage:        0 bytes
 Hardware stack levels used:    1
 Hardware stack levels required when called:    4
 This function calls:
		Nothing
 This function is called by:
		_LED_PROCESS
 This function uses a non-reentrant model


 *************** function _LED_1_SetHigh *****************
 Defined at:
		line 12 in file "led.c"
 Parameters:    Size  Location     Type
		None
 Auto vars:     Size  Location     Type
		None
 Return value:  Size  Location     Type
                  1    wreg      void 
 Registers used:
		None
 Tracked objects:
		On entry : 
		On exit  : 
		Unchanged: 
 Data sizes:     COMMON   BANK0   BANK1   BANK2   BANK3   BANK4   BANK5   BANK6
      Params:         0       0       0       0       0       0       0       0
      Locals:         0       0       0       0       0       0       0       0
      Temps:          0       0       0       0       0       0       0       0
      Totals:         0       0       0       0       0       0       0       0
Total ram usage:        0 bytes
 Hardware stack levels used:    1
 Hardware stack levels required when called:    4
 This function calls:
		Nothing
 This function is called by:
		_LED_PROCESS
 This function uses a non-reentrant model


 *************** function _LED_0_SetLow *****************
 Defined at:
		line 28 in file "led.c"
 Parameters:    Size  Location     Type
		None
 Auto vars:     Size  Location     Type
		None
 Return value:  Size  Location     Type
                  1    wreg      void 
 Registers used:
		None
 Tracked objects:
		On entry : 
		On exit  : 
		Unchanged: 
 Data sizes:     COMMON   BANK0   BANK1   BANK2   BANK3   BANK4   BANK5   BANK6
      Params:         0       0       0       0       0       0       0       0
      Locals:         0       0       0       0       0       0       0       0
      Temps:          0       0       0       0       0       0       0       0
      Totals:         0       0       0       0       0       0       0       0
Total ram usage:        0 bytes
 Hardware stack levels used:    1
 Hardware stack levels required when called:    4
 This function calls:
		Nothing
 This function is called by:
		_LED_PROCESS
 This function uses a non-reentrant model


 *************** function _LED_0_SetHigh *****************
 Defined at:
		line 23 in file "led.c"
 Parameters:    Size  Location     Type
		None
 Auto vars:     Size  Location     Type
		None
 Return value:  Size  Location     Type
                  1    wreg      void 
 Registers used:
		None
 Tracked objects:
		On entry : 
		On exit  : 
		Unchanged: 
 Data sizes:     COMMON   BANK0   BANK1   BANK2   BANK3   BANK4   BANK5   BANK6
      Params:         0       0       0       0       0       0       0       0
      Locals:         0       0       0       0       0       0       0       0
      Temps:          0       0       0       0       0       0       0       0
      Totals:         0       0       0       0       0       0       0       0
Total ram usage:        0 bytes
 Hardware stack levels used:    1
 Hardware stack levels required when called:    4
 This function calls:
		Nothing
 This function is called by:
		_LED_PROCESS
 This function uses a non-reentrant model


 *************** function _INTERRUPT_InterruptManager *****************
 Defined at:
		line 52 in file "mcc_generated_files/interrupt_manager.c"
 Parameters:    Size  Location     Type
		None
 Auto vars:     Size  Location     Type
		None
 Return value:  Size  Location     Type
                  1    wreg      void 
 Registers used:
		wreg, fsr1l, fsr1h, status,2, status,0, pclath, cstack
 Tracked objects:
		On entry : 
		On exit  : 
		Unchanged: 
 Data sizes:     COMMON   BANK0   BANK1   BANK2   BANK3   BANK4   BANK5   BANK6
      Params:         0       0       0       0       0       0       0       0
      Locals:         0       0       0       0       0       0       0       0
      Temps:          0       0       0       0       0       0       0       0
      Totals:         0       0       0       0       0       0       0       0
Total ram usage:        0 bytes
 Hardware stack levels used:    1
 Hardware stack levels required when called:    3
 This function calls:
		Absolute function
		_EUSART_Receive_ISR
		_EUSART_Transmit_ISR
 This function is called by:
		Interrupt level 1
 This function uses a non-reentrant model


 *************** function _EUSART_Transmit_ISR *****************
 Defined at:
		line 203 in file "mcc_generated_files/eusart.c"
 Parameters:    Size  Location     Type
		None
 Auto vars:     Size  Location     Type
		None
 Return value:  Size  Location     Type
                  1    wreg      void 
 Registers used:
		wreg, fsr1l, fsr1h, status,2, status,0
 Tracked objects:
		On entry : 
		On exit  : 
		Unchanged: 
 Data sizes:     COMMON   BANK0   BANK1   BANK2   BANK3   BANK4   BANK5   BANK6
      Params:         0       0       0       0       0       0       0       0
      Locals:         0       0       0       0       0       0       0       0
      Temps:          1       0       0       0       0       0       0       0
      Totals:         1       0       0       0       0       0       0       0
Total ram usage:        1 bytes
 Hardware stack levels used:    1
 This function calls:
		Nothing
 This function is called by:
		_EUSART_Initialize
		_INTERRUPT_InterruptManager
 This function uses a non-reentrant model


 *************** function _EUSART_Receive_ISR *****************
 Defined at:
		line 222 in file "mcc_generated_files/eusart.c"
 Parameters:    Size  Location     Type
		None
 Auto vars:     Size  Location     Type
		None
 Return value:  Size  Location     Type
                  1    wreg      void 
 Registers used:
		wreg, fsr1l, fsr1h, status,2, status,0, pclath, cstack
 Tracked objects:
		On entry : 
		On exit  : 
		Unchanged: 
 Data sizes:     COMMON   BANK0   BANK1   BANK2   BANK3   BANK4   BANK5   BANK6
      Params:         0       0       0       0       0       0       0       0
      Locals:         0       0       0       0       0       0       0       0
      Temps:          0       0       0       0       0       0       0       0
      Totals:         0       0       0       0       0       0       0       0
Total ram usage:        0 bytes
 Hardware stack levels used:    1
 Hardware stack levels required when called:    2
 This function calls:
		Absolute function
		_EUSART_DefaultErrorHandler
		_EUSART_DefaultFramingErrorHandler
		_EUSART_DefaultOverrunErrorHandler
		_EUSART_RxDataHandler
 This function is called by:
		_EUSART_Initialize
		_INTERRUPT_InterruptManager
 This function uses a non-reentrant model


 *************** function _EUSART_DefaultOverrunErrorHandler *****************
 Defined at:
		line 258 in file "mcc_generated_files/eusart.c"
 Parameters:    Size  Location     Type
		None
 Auto vars:     Size  Location     Type
		None
 Return value:  Size  Location     Type
                  1    wreg      void 
 Registers used:
		None
 Tracked objects:
		On entry : 
		On exit  : 
		Unchanged: 
 Data sizes:     COMMON   BANK0   BANK1   BANK2   BANK3   BANK4   BANK5   BANK6
      Params:         0       0       0       0       0       0       0       0
      Locals:         0       0       0       0       0       0       0       0
      Temps:          0       0       0       0       0       0       0       0
      Totals:         0       0       0       0       0       0       0       0
Total ram usage:        0 bytes
 Hardware stack levels used:    1
 This function calls:
		Nothing
 This function is called by:
		_EUSART_Initialize
		_EUSART_Receive_ISR
 This function uses a non-reentrant model


 *************** function _EUSART_DefaultFramingErrorHandler *****************
 Defined at:
		line 256 in file "mcc_generated_files/eusart.c"
 Parameters:    Size  Location     Type
		None
 Auto vars:     Size  Location     Type
		None
 Return value:  Size  Location     Type
                  1    wreg      void 
 Registers used:
		None
 Tracked objects:
		On entry : 
		On exit  : 
		Unchanged: 
 Data sizes:     COMMON   BANK0   BANK1   BANK2   BANK3   BANK4   BANK5   BANK6
      Params:         0       0       0       0       0       0       0       0
      Locals:         0       0       0       0       0       0       0       0
      Temps:          0       0       0       0       0       0       0       0
      Totals:         0       0       0       0       0       0       0       0
Total ram usage:        0 bytes
 Hardware stack levels used:    1
 This function calls:
		Nothing
 This function is called by:
		_EUSART_Initialize
		_EUSART_Receive_ISR
 This function uses a non-reentrant model


 *************** function _EUSART_DefaultErrorHandler *****************
 Defined at:
		line 266 in file "mcc_generated_files/eusart.c"
 Parameters:    Size  Location     Type
		None
 Auto vars:     Size  Location     Type
		None
 Return value:  Size  Location     Type
                  1    wreg      void 
 Registers used:
		wreg, fsr1l, fsr1h, status,2, status,0, pclath, cstack
 Tracked objects:
		On entry : 
		On exit  : 
		Unchanged: 
 Data sizes:     COMMON   BANK0   BANK1   BANK2   BANK3   BANK4   BANK5   BANK6
      Params:         0       0       0       0       0       0       0       0
      Locals:         0       0       0       0       0       0       0       0
      Temps:          0       0       0       0       0       0       0       0
      Totals:         0       0       0       0       0       0       0       0
Total ram usage:        0 bytes
 Hardware stack levels used:    1
 Hardware stack levels required when called:    1
 This function calls:
		_EUSART_RxDataHandler
 This function is called by:
		_EUSART_Initialize
		_EUSART_Receive_ISR
 This function uses a non-reentrant model


 *************** function _EUSART_RxDataHandler *****************
 Defined at:
		line 246 in file "mcc_generated_files/eusart.c"
 Parameters:    Size  Location     Type
		None
 Auto vars:     Size  Location     Type
		None
 Return value:  Size  Location     Type
                  1    wreg      void 
 Registers used:
		wreg, fsr1l, fsr1h, status,2, status,0
 Tracked objects:
		On entry : 
		On exit  : 
		Unchanged: 
 Data sizes:     COMMON   BANK0   BANK1   BANK2   BANK3   BANK4   BANK5   BANK6
      Params:         0       0       0       0       0       0       0       0
      Locals:         0       0       0       0       0       0       0       0
      Temps:          1       0       0       0       0       0       0       0
      Totals:         1       0       0       0       0       0       0       0
Total ram usage:        1 bytes
 Hardware stack levels used:    1
 This function calls:
		Nothing
 This function is called by:
		_EUSART_Receive_ISR
		_EUSART_DefaultErrorHandler
 This function uses a non-reentrant model



MODULE INFORMATION

Module		Function		Class		Link	Load	Size
mcc_generated_files/mtouch/mtouch_button.c
		_Button_Deviation_Update		CODE           	0EEF	0000	136
		_MTOUCH_Button_SetNotPressedCallback		CODE           	15EE	0000	7
		_MTOUCH_Button_isPressed		CODE           	0818	0000	28
		_MTOUCH_Button_Initialize		CODE           	0BB8	0000	55
		_Button_Tick_helper		CODE           	099A	0000	40
		_MTOUCH_Button_InitializeAll		CODE           	084F	0000	29
		_Button_Baseline_Update		CODE           	0704	0000	144
		_Button_State_Pressed		CODE           	0793	0000	103
		_Button_Reading_Update		CODE           	168A	0000	15
		_Button_DefaultCallback		CODE           	15B8	0000	2
		_MTOUCH_Button_Tick		CODE           	178C	0000	23
		_Button_State_NotPressed		CODE           	05CD	0000	165
		_MTOUCH_Button_SetPressedCallback		CODE           	15F4	0000	7
		_Button_Reading_Update_Helper		CODE           	0C66	0000	78
		_Button_Service		CODE           	0D03	0000	86
		_Button_State_Initializing		CODE           	0DB4	0000	99
		_MTOUCH_Button_ServiceAll		CODE           	16B4	0000	17
		_Button_Baseline_Initialize		CODE           	0A91	0000	47

mcc_generated_files/mtouch/mtouch_button.c estimated size: 1081

C:\Program Files (x86)\Microchip\xc8\v2.05\pic\sources\c99\common\printf.c
		_printf        		CODE           	1717	0000	18

C:\Program Files (x86)\Microchip\xc8\v2.05\pic\sources\c99\common\printf.c estimated size: 18

relay.c
		_RELAY_PROCESS 		CODE           	09E8	0000	42

relay.c estimated size: 42

mcc_generated_files/tmr2.c
		_TMR2_LoadPeriodRegister		CODE           	15E4	0000	6
		_TMR2_Initialize		CODE           	1647	0000	9
		_TMR2_StopTimer		CODE           	15C3	0000	4
		_TMR2_StartTimer		CODE           	15C0	0000	4

mcc_generated_files/tmr2.c estimated size: 23

mcc_generated_files/interrupt_manager.c
		_INTERRUPT_InterruptManager		CODE           	0004	0000	32

mcc_generated_files/interrupt_manager.c estimated size: 32

C:\Program Files (x86)\Microchip\xc8\v2.05\pic\sources\c99\common\nf_fputc.c
		_fputc         		CODE           	0B83	0000	54

C:\Program Files (x86)\Microchip\xc8\v2.05\pic\sources\c99\common\nf_fputc.c estimated size: 54

mcc_generated_files/mtouch/mtouch.c
		_MTOUCH_Tick   		CODE           	15C6	0000	4
		_MTOUCH_Initialize		CODE           	1664	0000	13
		_MTOUCH_Service_Mainloop		CODE           	0833	0000	29
		_MTOUCH_needReburst		CODE           	0002	0000	3

mcc_generated_files/mtouch/mtouch.c estimated size: 49

mcc_generated_files/pin_manager.c
		_PIN_MANAGER_Initialize		CODE           	0887	0000	30

mcc_generated_files/pin_manager.c estimated size: 30

C:\Program Files (x86)\Microchip\xc8\v2.05\pic\sources\c99\common\strlen.c
		_strlen        		CODE           	0800	0000	25

C:\Program Files (x86)\Microchip\xc8\v2.05\pic\sources\c99\common\strlen.c estimated size: 25

C:\Program Files (x86)\Microchip\xc8\v2.05\pic\sources\c99\common\Umul8.c
		___bmul        		CODE           	16E4	0000	18

C:\Program Files (x86)\Microchip\xc8\v2.05\pic\sources\c99\common\Umul8.c estimated size: 18

C:\Program Files (x86)\Microchip\xc8\v2.05\pic\sources\c99\common\doprnt.c
		_vfpfcnvrt     		CODE           	0525	0000	169
		_pad           		CODE           	0CB3	0000	81
		_ctoa          		CODE           	0A11	0000	42
		_vfprintf      		CODE           	0ABF	0000	48

C:\Program Files (x86)\Microchip\xc8\v2.05\pic\sources\c99\common\doprnt.c estimated size: 340

shared
		Sensor_Scanfrequency_Evaluation@frequency_hop		STRCODE        	180F	0000	6
		_sensor_scan_group		STRCODE        	182B	0000	3
		__initialization		CODE           	0025	0000	49
		_mtouch_button_init		STRCODE        	1000	0000	33

shared estimated size: 91

mcc_generated_files/mcc.c
		_WDT_Initialize		CODE           	15E0	0000	5
		_OSCILLATOR_Initialize		CODE           	1618	0000	7
		_SYSTEM_Initialize		CODE           	1728	0000	19

mcc_generated_files/mcc.c estimated size: 31

C:\Program Files (x86)\Microchip\xc8\v2.05\pic\sources\c99\common\abs.c
		_abs           		CODE           	17D0	0000	24

C:\Program Files (x86)\Microchip\xc8\v2.05\pic\sources\c99\common\abs.c estimated size: 24

C:\Program Files (x86)\Microchip\xc8\v2.05\pic\sources\c99\common\nf_fputs.c
		_fputs         		CODE           	0974	0000	39

C:\Program Files (x86)\Microchip\xc8\v2.05\pic\sources\c99\common\nf_fputs.c estimated size: 39

mcc_generated_files/eusart.c
		_EUSART_SetRxInterruptHandler		CODE           	160C	0000	7
		_EUSART_SetTxInterruptHandler		CODE           	1612	0000	7
		_putch         		CODE           	15E9	0000	6
		_EUSART_Read   		CODE           	0903	0000	38
		_EUSART_DefaultOverrunErrorHandler		CODE           	15CC	0000	5
		_EUSART_Write  		CODE           	08E0	0000	36
		_EUSART_DefaultErrorHandler		CODE           	15BA	0000	4
		_EUSART_Transmit_ISR		CODE           	08A4	0000	31
		_EUSART_Initialize		CODE           	0C25	0000	66
		_EUSART_SetFramingErrorHandler		CODE           	1600	0000	7
		_EUSART_SetErrorHandler		CODE           	15FA	0000	7
		_EUSART_SetOverrunErrorHandler		CODE           	1606	0000	7
		_EUSART_Receive_ISR		CODE           	0B1F	0000	51
		_EUSART_RxDataHandler		CODE           	17A2	0000	24
		_EUSART_DefaultFramingErrorHandler		CODE           	15B7	0000	2
		_EUSART_is_rx_ready		CODE           	15BD	0000	4

mcc_generated_files/eusart.c estimated size: 302

C:\Program Files (x86)\Microchip\xc8\v2.05\pic\sources\c99\common\memcpy.c
		_memcpy        		CODE           	0A3A	0000	44

C:\Program Files (x86)\Microchip\xc8\v2.05\pic\sources\c99\common\memcpy.c estimated size: 44

main.c
		_check_data    		CODE           	094E	0000	39
		_myButtonReleasedCallback		CODE           	17E7	0000	26
		_main          		CODE           	0059	0000	612
		_check_message 		CODE           	09C1	0000	40
		_update_state  		CODE           	0B51	0000	51
		_myButtonPressedCallback		CODE           	08C2	0000	31
		_DATA_PROCESS  		CODE           	0E16	0000	100

main.c estimated size: 899

mcc_generated_files/mtouch/mtouch_sensor.c
		_Sensor_setCalibrated		CODE           	1658	0000	13
		_Sensor_Acq_ExecutePacket		CODE           	02BC	0000	447
		_Sensor_getScanGroupIndex		CODE           	0A65	0000	45
		_Sensor_Acquisition		CODE           	0D58	0000	93
		_Sensor_postAcquisitionProcess		CODE           	0BEE	0000	56
		_Sensor_isCalibrated		CODE           	164F	0000	10
		_MTOUCH_Sensor_Initialize		CODE           	1777	0000	22
		_Sensor_Sampled_Reset		CODE           	07F9	0000	8
		_MTOUCH_Sensor_InitializeAll		CODE           	16A6	0000	15
		_Sensor_DefaultCallback		CODE           	15B9	0000	2
		_Sensor_loadADCSettings		CODE           	047A	0000	172
		_Sensor_isEnabled		CODE           	16D4	0000	17
		_MTOUCH_Sensor_isCalibrated		CODE           	174D	0000	22
		_MTOUCH_Sensor_Calibrate		CODE           	16F5	0000	18
		_MTOUCH_Sensor_Sampled_ResetAll		CODE           	173A	0000	20
		_Sensor_setActive		CODE           	162A	0000	8
		_Sensor_Scanfrequency_Evaluation		CODE           	0E79	0000	119
		_MTOUCH_Sensor_Enable		CODE           	1706	0000	18
		_Sensor_setSampled		CODE           	1638	0000	8
		_Sensor_isCalibratingAcqTime		CODE           	163F	0000	9
		_MTOUCH_Sensor_RawSample_Get		CODE           	17B9	0000	24
		_MTOUCH_Sensor_SampleAll		CODE           	1762	0000	22
		_MTOUCH_Sensor_wasSampled		CODE           	1698	0000	15
		_Sensor_Service		CODE           	0671	0000	148
		_Sensor_autoCalibration		CODE           	0F76	0000	139
		_MTOUCH_Sensor_Scan_Initialize		CODE           	16C4	0000	17
		_Sensor_RawSample_Update		CODE           	0928	0000	39
		_Sensor_isActive		CODE           	167D	0000	14
		_Sensor_setCalibratAcqTime		CODE           	1670	0000	14
		_Sensor_setInactive		CODE           	1631	0000	8

mcc_generated_files/mtouch/mtouch_sensor.c estimated size: 1562

led.c
		_LED_0_SetLow  		CODE           	15D4	0000	5
		_LED_0_SetHigh 		CODE           	15D0	0000	5
		_LED_1_SetLow  		CODE           	15DC	0000	5
		_LED_PROCESS   		CODE           	0AEE	0000	50
		_LED_1_SetHigh 		CODE           	15D8	0000	5

led.c estimated size: 70

